
> demo-stock@0.0.0 build
> vite build

[36mvite v6.4.1 [32mbuilding for production...[36m[39m
transforming...
node.exe : 
[33mpages/ProductsPage.tsx 
(18:34): "FixedSizeList" is 
not exported by "node_modules
/react-window/dist/react-wind
ow.js", imported by "pages/Pr
oductsPage.tsx".[39m
Au caractère C:\Program 
Files\nodejs\npm.ps1:29 : 3
+   & $NODE_EXE $NPM_CLI_JS 
$args
+   
~~~~~~~~~~~~~~~~~~~~~~~~~~~~~
    + CategoryInfo           
   : NotSpecified: ([33mpa  
  ges/Prod...Page.tsx".[3   
 9m:String) [], RemoteExc    
eption
    + FullyQualifiedErrorId  
   : NativeCommandError
 
[33mpages/InventoryPage.tsx 
(13:25): "FixedSizeList" is 
not exported by "node_modules
/react-window/dist/react-wind
ow.js", imported by "pages/In
ventoryPage.tsx".[39m
[33mpages/SalesPage.tsx 
(18:25): "FixedSizeList" is 
not exported by "node_modules
/react-window/dist/react-wind
ow.js", imported by 
"pages/SalesPage.tsx".[39m
[33mpages/CustomersPage.tsx 
(18:34): "FixedSizeList" is 
not exported by "node_modules
/react-window/dist/react-wind
ow.js", imported by "pages/Cu
stomersPage.tsx".[39m
[33mpages/SuppliersPage.tsx 
(15:34): "FixedSizeList" is 
not exported by "node_modules
/react-window/dist/react-wind
ow.js", imported by "pages/Su
ppliersPage.tsx".[39m
[33mpages/PurchasesPage.tsx 
(19:34): "FixedSizeList" is 
not exported by "node_modules
/react-window/dist/react-wind
ow.js", imported by "pages/Pu
rchasesPage.tsx".[39m
[32mÔ£ô[39m 406 modules transformed.
rendering chunks...
computing gzip size...
[2mdist/[22m[32mindex.html                                       [39m[1m[2m  6.14 kB[22m[1m[22m[2m Ôöé gzip:   2.14 kB[22m
[2mdist/[22m[35massets/index-C5wsWQtY.css                        [39m[1m[2m  0.36 kB[22m[1m[22m[2m Ôöé gzip:   0.19 kB[22m
[2mdist/[22m[36massets/formatters-g_eso-x3.js                    [39m[1m[2m  0.50 kB[22m[1m[22m[2m Ôöé gzip:   0.34 kB[22m
[2mdist/[22m[36massets/useBarcodeScanner-CGbNKU9M.js             [39m[1m[2m  0.50 kB[22m[1m[22m[2m Ôöé gzip:   0.34 kB[22m
[2mdist/[22m[36massets/Modal-Bq5iT2kE.js                         [39m[1m[2m  1.62 kB[22m[1m[22m[2m Ôöé gzip:   0.86 kB[22m
[2mdist/[22m[36massets/DropdownMenu-s6-7loD1.js                  [39m[1m[2m  1.97 kB[22m[1m[22m[2m Ôöé gzip:   0.97 kB[22m
[2mdist/[22m[36massets/SimpleAdjustmentsTest-Buar4Gcl.js         [39m[1m[2m  2.16 kB[22m[1m[22m[2m Ôöé gzip:   0.86 kB[22m
[2mdist/[22m[36massets/TestAdjustmentsPage-BbzznvXD.js           [39m[1m[2m  2.20 kB[22m[1m[22m[2m Ôöé gzip:   1.00 kB[22m
[2mdist/[22m[36massets/Pagination-C1qWd-H3.js                    [39m[1m[2m  3.18 kB[22m[1m[22m[2m Ôöé gzip:   0.93 kB[22m
[2mdist/[22m[36massets/whatsappUtils-DK7uDy9x.js                 [39m[1m[2m  3.88 kB[22m[1m[22m[2m Ôöé gzip:   1.83 kB[22m
[2mdist/[22m[36massets/PaymentReceipt-Cw6T6CsU.js                [39m[1m[2m  4.43 kB[22m[1m[22m[2m Ôöé gzip:   1.63 kB[22m
[2mdist/[22m[36massets/UnitsPage-BeveM4ip.js                     [39m[1m[2m  4.63 kB[22m[1m[22m[2m Ôöé gzip:   1.68 kB[22m
[2mdist/[22m[36massets/LoginPage-BlUZmTB6.js                     [39m[1m[2m  4.63 kB[22m[1m[22m[2m Ôöé gzip:   1.72 kB[22m
[2mdist/[22m[36massets/BrandsPage-CV8zdmK6.js                    [39m[1m[2m  4.69 kB[22m[1m[22m[2m Ôöé gzip:   1.69 kB[22m
[2mdist/[22m[36massets/CategoriesPage-BQ2lAd3F.js                [39m[1m[2m  4.73 kB[22m[1m[22m[2m Ôöé gzip:   1.70 kB[22m
[2mdist/[22m[36massets/react-virtualized-auto-sizer-CnbuHjgn.js  [39m[1m[2m  5.97 kB[22m[1m[22m[2m Ôöé gzip:   2.28 kB[22m
[2mdist/[22m[36massets/ExpenseFormPage-BImu2dpf.js               [39m[1m[2m  6.92 kB[22m[1m[22m[2m Ôöé gzip:   1.97 kB[22m
[2mdist/[22m[36massets/PosPageSimple-DEXA8twB.js                 [39m[1m[2m  7.64 kB[22m[1m[22m[2m Ôöé gzip:   2.54 kB[22m
[2mdist/[22m[36massets/QuotesPage-B45jQLsb.js                    [39m[1m[2m  7.82 kB[22m[1m[22m[2m Ôöé gzip:   2.49 kB[22m
[2mdist/[22m[36massets/ProductPrintPage-TO6YYnKA.js              [39m[1m[2m  8.15 kB[22m[1m[22m[2m Ôöé gzip:   2.58 kB[22m
[2mdist/[22m[36massets/UsersPage-BZNoMOJO.js                     [39m[1m[2m  8.20 kB[22m[1m[22m[2m Ôöé gzip:   2.65 kB[22m
[2mdist/[22m[36massets/SupplierFormPage-B8XJ1zzi.js              [39m[1m[2m  8.99 kB[22m[1m[22m[2m Ôöé gzip:   2.52 kB[22m
[2mdist/[22m[36massets/react-to-print-DknspBGa.js                [39m[1m[2m  9.50 kB[22m[1m[22m[2m Ôöé gzip:   3.79 kB[22m
[2mdist/[22m[36massets/WarehousesPage-z6rHSMar.js                [39m[1m[2m  9.64 kB[22m[1m[22m[2m Ôöé gzip:   2.94 kB[22m
[2mdist/[22m[36massets/PurchaseInvoicePage-DuJMvk20.js           [39m[1m[2m 10.27 kB[22m[1m[22m[2m Ôöé gzip:   3.34 kB[22m
[2mdist/[22m[36massets/RolesPage-DwgmIVHr.js                     [39m[1m[2m 10.30 kB[22m[1m[22m[2m Ôöé gzip:   3.12 kB[22m
[2mdist/[22m[36massets/InventoryPage-Cnzs9J-H.js                 [39m[1m[2m 10.66 kB[22m[1m[22m[2m Ôöé gzip:   3.04 kB[22m
[2mdist/[22m[36massets/CreditNoteFormPage-18uKZ9NI.js            [39m[1m[2m 11.31 kB[22m[1m[22m[2m Ôöé gzip:   3.49 kB[22m
[2mdist/[22m[36massets/SupplierCreditNoteFormPage-CVmKGxtv.js    [39m[1m[2m 11.37 kB[22m[1m[22m[2m Ôöé gzip:   3.53 kB[22m
[2mdist/[22m[36massets/SupplierCreditNotesPage-czJZ4KnV.js       [39m[1m[2m 12.10 kB[22m[1m[22m[2m Ôöé gzip:   3.47 kB[22m
[2mdist/[22m[36massets/CustomerFormPage-CPJAYSyI.js              [39m[1m[2m 12.22 kB[22m[1m[22m[2m Ôöé gzip:   3.53 kB[22m
[2mdist/[22m[36massets/DashboardPage-DdKmJHgr.js                 [39m[1m[2m 12.25 kB[22m[1m[22m[2m Ôöé gzip:   3.24 kB[22m
[2mdist/[22m[36massets/CreditNotesPage-DnwWRTrr.js               [39m[1m[2m 12.98 kB[22m[1m[22m[2m Ôöé gzip:   3.67 kB[22m
[2mdist/[22m[36massets/ExpensesPage-uFxNH4gt.js                  [39m[1m[2m 13.01 kB[22m[1m[22m[2m Ôöé gzip:   3.56 kB[22m
[2mdist/[22m[36massets/SettingsPage-BIG7VaoS.js                  [39m[1m[2m 13.91 kB[22m[1m[22m[2m Ôöé gzip:   4.39 kB[22m
[2mdist/[22m[36massets/ProductFormPage-cf3NP3I4.js               [39m[1m[2m 14.45 kB[22m[1m[22m[2m Ôöé gzip:   3.92 kB[22m
[2mdist/[22m[36massets/SalesPage-BYadd-kf.js                     [39m[1m[2m 15.48 kB[22m[1m[22m[2m Ôöé gzip:   4.62 kB[22m
[2mdist/[22m[36massets/QuoteFormPage-I7tLCYUW.js                 [39m[1m[2m 15.89 kB[22m[1m[22m[2m Ôöé gzip:   4.19 kB[22m
[2mdist/[22m[36massets/PurchaseFormPage-BRocbWhW.js              [39m[1m[2m 16.30 kB[22m[1m[22m[2m Ôöé gzip:   4.79 kB[22m
[2mdist/[22m[36massets/SaleInvoicePage-CeMnHgFV.js               [39m[1m[2m 16.80 kB[22m[1m[22m[2m Ôöé gzip:   4.70 kB[22m
[2mdist/[22m[36massets/SuppliersPage-Cl06KOd1.js                 [39m[1m[2m 19.87 kB[22m[1m[22m[2m Ôöé gzip:   5.36 kB[22m
[2mdist/[22m[36massets/BankPage-D2yXxVo-.js                      [39m[1m[2m 20.46 kB[22m[1m[22m[2m Ôöé gzip:   5.43 kB[22m
[2mdist/[22m[36massets/purify.es-B9ZVCkUG.js                     [39m[1m[2m 22.64 kB[22m[1m[22m[2m Ôöé gzip:   8.75 kB[22m
[2mdist/[22m[36massets/StockAdjustmentsPage-Br3JkwLy.js          [39m[1m[2m 23.26 kB[22m[1m[22m[2m Ôöé gzip:   6.09 kB[22m
[2mdist/[22m[36massets/PosPage-kzwAG88E.js                       [39m[1m[2m 23.81 kB[22m[1m[22m[2m Ôöé gzip:   7.35 kB[22m
[2mdist/[22m[36massets/CustomersPage-DoqgP2kn.js                 [39m[1m[2m 24.04 kB[22m[1m[22m[2m Ôöé gzip:   6.25 kB[22m
[2mdist/[22m[36massets/SupplierAccountPage-B9vlYyTf.js           [39m[1m[2m 24.16 kB[22m[1m[22m[2m Ôöé gzip:   6.83 kB[22m
[2mdist/[22m[36massets/SaleFormPage-BC2qf2S3.js                  [39m[1m[2m 25.40 kB[22m[1m[22m[2m Ôöé gzip:   7.43 kB[22m
[2mdist/[22m[36massets/PurchasesPage-DoI7RcOX.js                 [39m[1m[2m 26.15 kB[22m[1m[22m[2m Ôöé gzip:   7.13 kB[22m
[2mdist/[22m[36massets/CustomerAccountPage-BwssIHZy.js           [39m[1m[2m 27.41 kB[22m[1m[22m[2m Ôöé gzip:   7.45 kB[22m
[2mdist/[22m[36massets/ProductsPage-CLo7B6Hi.js                  [39m[1m[2m 27.66 kB[22m[1m[22m[2m Ôöé gzip:   6.75 kB[22m
[2mdist/[22m[36massets/TransfersPage-BRKQLDk-.js                 [39m[1m[2m 27.73 kB[22m[1m[22m[2m Ôöé gzip:   6.99 kB[22m
[2mdist/[22m[36massets/ReportsPage-DbJT7d9P.js                   [39m[1m[2m 31.44 kB[22m[1m[22m[2m Ôöé gzip:   7.04 kB[22m
[2mdist/[22m[36massets/PaymentsPage-Bhi2jQbe.js                  [39m[1m[2m 39.70 kB[22m[1m[22m[2m Ôöé gzip:  10.87 kB[22m
[2mdist/[22m[36massets/index.es-DJHCojJI.js                      [39m[1m[2m159.49 kB[22m[1m[22m[2m Ôöé gzip:  53.50 kB[22m
[2mdist/[22m[36massets/html2canvas.esm-QH1iLAAe.js               [39m[1m[2m202.38 kB[22m[1m[22m[2m Ôöé gzip:  48.04 kB[22m
[2mdist/[22m[36massets/index-PiLdFn05.js                         [39m[1m[2m421.94 kB[22m[1m[22m[2m Ôöé gzip: 122.56 kB[22m
[2mdist/[22m[36massets/xlsx-BBWTpfDg.js                          [39m[1m[2m424.73 kB[22m[1m[22m[2m Ôöé gzip: 141.75 kB[22m
[2mdist/[22m[36massets/ProductHistoryPage-DjHqdnFr.js            [39m[1m[2m448.94 kB[22m[1m[22m[2m Ôöé gzip: 144.50 kB[22m
[32mÔ£ô built in 3.47s[39m
