components/CreditNoteListPrint.tsx(56,83): error TS2339: Property 'type' does not exist on type 'CreditNote'.
components/CreditNoteListPrint.tsx(58,54): error TS2339: Property 'total' does not exist on type 'CreditNote'.
components/CreditNoteListPrint.tsx(62,42): error TS2339: Property 'status' does not exist on type 'CreditNote'.
components/CreditNoteListPrint.tsx(65,43): error TS2339: Property 'status' does not exist on type 'CreditNote'.
components/CreditNoteListPrint.tsx(75,85): error TS2339: Property 'total' does not exist on type 'CreditNote'.
pages/InventoryPage.tsx(13,26): error TS2339: Property 'FixedSizeList' does not exist on type 'typeof import("D:/PROJETS_AI/DEMO/node_modules/react-window/dist/react-window")'.
pages/InventoryPage.tsx(235,26): error TS2322: Type '{ children: ({ height, width }: { height: any; width: any; }) => Element; }' is not assignable to type 'IntrinsicAttributes & AutoSizerProps'.
pages/OrdersPage.tsx(76,25): error TS2741: Property 'settings' is missing in type '{ ref: RefObject<HTMLDivElement>; orders: Order[]; }' but required in type 'OrderListPrintProps'.
pages/SalesPage.tsx(18,26): error TS2339: Property 'FixedSizeList' does not exist on type 'typeof import("D:/PROJETS_AI/DEMO/node_modules/react-window/dist/react-window")'.
pages/SalesPage.tsx(437,34): error TS2322: Type '{ children: ({ height, width }: { height: any; width: any; }) => Element; }' is not assignable to type 'IntrinsicAttributes & AutoSizerProps'.
pages/SettingsPage.tsx(54,26): error TS2345: Argument of type 'string' is not assignable to parameter of type 'ThemeName'.
utils/whatsappUtils.ts(147,21): error TS2339: Property 'html2canvas' does not exist on type 'Window & typeof globalThis'.
utils/whatsappUtils.ts(166,21): error TS2339: Property 'jspdf' does not exist on type 'Window & typeof globalThis'.
utils/whatsappUtils.ts(166,38): error TS2339: Property 'jspdf' does not exist on type 'Window & typeof globalThis'.
